2019-12-30 08:14:49,753 - test - 54 - loop_num=100, n=30, p=7, c=2, rep_num=4, rep_kind=1
2019-12-30 08:14:49,754 - test - 55 - Mean Of GES=26.146301249113595
2019-12-30 08:14:49,754 - test - 56 - Mean Of Bayes=10.770886371567174
2019-12-30 09:27:17,800 - test - 54 - loop_num=100, n=30, p=7, c=4, rep_num=4, rep_kind=1
2019-12-30 09:27:17,802 - test - 55 - Mean Of GES=34.5730343037437
2019-12-30 09:27:17,802 - test - 56 - Mean Of Bayes=18.95315245739063
2019-12-30 11:46:34,672 - test - 54 - loop_num=100, n=30, p=7, c=6, rep_num=4, rep_kind=1
2019-12-30 11:46:34,673 - test - 55 - Mean Of GES=25.86789656552467
2019-12-30 11:46:34,674 - test - 56 - Mean Of Bayes=13.272839897005381
2019-12-30 14:17:38,321 - test - 54 - loop_num=100, n=30, p=7, c=8, rep_num=4, rep_kind=1
2019-12-30 14:17:38,323 - test - 55 - Mean Of GES=60.72766474438594
2019-12-30 14:17:38,323 - test - 56 - Mean Of Bayes=20.3430475099473
2019-12-30 17:10:24,517 - test - 54 - loop_num=100, n=30, p=7, c=2, rep_num=4, rep_kind=1
2019-12-30 17:10:24,519 - test - 55 - Mean Of GES=41.13534430771031
2019-12-30 17:10:24,519 - test - 56 - Mean Of Bayes=11.61169422774558
2019-12-30 18:25:32,610 - test - 54 - loop_num=100, n=30, p=7, c=4, rep_num=4, rep_kind=1
2019-12-30 18:25:32,612 - test - 55 - Mean Of GES=47.06171559702212
2019-12-30 18:25:32,612 - test - 56 - Mean Of Bayes=18.392901636856706
2019-12-30 20:51:20,746 - test - 54 - loop_num=100, n=30, p=7, c=6, rep_num=4, rep_kind=1
2019-12-30 20:51:20,747 - test - 55 - Mean Of GES=43.45897064532014
2019-12-30 20:51:20,748 - test - 56 - Mean Of Bayes=27.033730820845527
2019-12-30 23:38:11,680 - test - 54 - loop_num=100, n=30, p=7, c=8, rep_num=4, rep_kind=1
2019-12-30 23:38:11,682 - test - 55 - Mean Of GES=34.54415679226535
2019-12-30 23:38:11,682 - test - 56 - Mean Of Bayes=14.799551106521116
2020-01-03 11:39:29,437 - test - 54 - loop_num=100, n=30, p=7, c=1, rep_num=4, rep_kind=1
2020-01-03 11:39:29,439 - test - 55 - Mean Of GES=36.955910359321344
2020-01-03 11:39:29,439 - test - 56 - Mean Of Bayes=9.259598517739567
2020-01-03 11:49:25,102 - test - 54 - loop_num=100, n=30, p=7, c=2, rep_num=4, rep_kind=1
2020-01-03 11:49:25,104 - test - 55 - Mean Of GES=43.18708113189875
2020-01-03 11:49:25,104 - test - 56 - Mean Of Bayes=10.204975345525774
2020-01-03 13:02:38,358 - test - 54 - loop_num=100, n=30, p=7, c=4, rep_num=4, rep_kind=1
2020-01-03 13:02:38,359 - test - 55 - Mean Of GES=40.13359892061633
2020-01-03 13:02:38,360 - test - 56 - Mean Of Bayes=14.251051657642709
2020-01-03 15:32:19,399 - test - 54 - loop_num=100, n=30, p=7, c=6, rep_num=4, rep_kind=1
2020-01-03 15:32:19,400 - test - 55 - Mean Of GES=61.17727421928491
2020-01-03 15:32:19,400 - test - 56 - Mean Of Bayes=16.493541747252902
2020-01-03 18:03:20,962 - test - 54 - loop_num=100, n=30, p=7, c=8, rep_num=4, rep_kind=1
2020-01-03 18:03:20,964 - test - 55 - Mean Of GES=47.59891542788579
2020-01-03 18:03:20,964 - test - 56 - Mean Of Bayes=14.98637766160129
2020-01-06 13:26:21,105 - test - 54 - loop_num=1, n=30, p=5, c=1, rep_num=8, rep_kind=1
2020-01-06 13:26:21,107 - test - 55 - Mean Of GES=0.03017620971758984
2020-01-06 13:26:21,108 - test - 56 - Mean Of Bayes=0.24563598741136108
2020-01-06 13:26:33,235 - test - 54 - loop_num=1, n=30, p=5, c=1, rep_num=8, rep_kind=1
2020-01-06 13:26:33,235 - test - 55 - Mean Of GES=4.496479439240589
2020-01-06 13:26:33,235 - test - 56 - Mean Of Bayes=0.46498042818846164
2020-01-06 14:50:00,830 - test - 54 - loop_num=1, n=30, p=7, c=4, rep_num=10, rep_kind=1
2020-01-06 14:50:00,832 - test - 55 - Mean Of GES=0.4381374973771201
2020-01-06 14:50:00,832 - test - 56 - Mean Of Bayes=0.27110990697263904
2020-01-06 14:53:38,920 - test - 54 - loop_num=1, n=30, p=7, c=4, rep_num=10, rep_kind=2
2020-01-06 14:53:38,922 - test - 55 - Mean Of GES=1.3442048464702963
2020-01-06 14:53:38,922 - test - 56 - Mean Of Bayes=3.6724360769057305
2020-01-06 15:02:50,914 - test - 54 - loop_num=1, n=30, p=7, c=4, rep_num=10, rep_kind=3
2020-01-06 15:02:50,916 - test - 55 - Mean Of GES=36.40247777586115
2020-01-06 15:02:50,917 - test - 56 - Mean Of Bayes=87.61534705548308
2020-01-06 15:06:34,804 - test - 54 - loop_num=1, n=30, p=7, c=4, rep_num=10, rep_kind=3
2020-01-06 15:06:34,806 - test - 55 - Mean Of GES=42.93958026558276
2020-01-06 15:06:34,806 - test - 56 - Mean Of Bayes=32.57879845707173
2020-01-06 17:46:40,080 - test_rep_kind - 179 - <<test_rep_kind>>loop_num=100, n=10, p=7, c=4, rep_num=10
2020-01-06 22:13:42,508 - test_rep_kind - 179 - loop_num=100, n=10, p=7, c=4, rep_num=10
2020-01-07 06:44:16,369 - test - 54 - loop_num=1, n=30, p=7, c=4, rep_num=40, rep_kind=1
2020-01-07 06:44:16,371 - test - 55 - Mean Of GES=11.540009301051567
2020-01-07 06:44:16,371 - test - 56 - Mean Of Bayes=57.85380884373417
2020-01-07 06:51:21,379 - test_rep_num - 128 - loop_num=100, n=10, p=7, c=4, rep_kind=1
2020-01-07 20:59:57,830 - test - 54 - loop_num=100, n=5, p=7, c=4, rep_num=10, rep_kind=1
2020-01-07 20:59:57,832 - test - 55 - Mean Of GES=2918.819599125973
2020-01-07 20:59:57,832 - test - 56 - Mean Of Bayes=29.162214322037173
2020-01-07 22:05:29,446 - test - 54 - loop_num=100, n=10, p=7, c=4, rep_num=10, rep_kind=1
2020-01-07 22:05:29,448 - test - 55 - Mean Of GES=41.5334978496045
2020-01-07 22:05:29,448 - test - 56 - Mean Of Bayes=15.01839321639638
2020-01-07 23:42:54,987 - test - 54 - loop_num=100, n=15, p=7, c=4, rep_num=10, rep_kind=1
2020-01-07 23:42:54,989 - test - 55 - Mean Of GES=71.74031803318304
2020-01-07 23:42:54,989 - test - 56 - Mean Of Bayes=19.439026927025775
2020-01-08 01:45:16,063 - test - 54 - loop_num=100, n=20, p=7, c=4, rep_num=10, rep_kind=1
2020-01-08 01:45:16,065 - test - 55 - Mean Of GES=30.59986220641697
2020-01-08 01:45:16,065 - test - 56 - Mean Of Bayes=15.191142498551425
2020-01-08 04:17:29,752 - test - 54 - loop_num=100, n=25, p=7, c=4, rep_num=10, rep_kind=1
2020-01-08 04:17:29,754 - test - 55 - Mean Of GES=54.138832863766574
2020-01-08 04:17:29,754 - test - 56 - Mean Of Bayes=16.90003298700342
2020-01-08 07:21:00,977 - test - 54 - loop_num=100, n=30, p=7, c=4, rep_num=10, rep_kind=1
2020-01-08 07:21:00,979 - test - 55 - Mean Of GES=66.15978394567732
2020-01-08 07:21:00,979 - test - 56 - Mean Of Bayes=17.374893385548024
2020-01-08 14:49:27,145 - test - 54 - loop_num=100, n=40, p=7, c=4, rep_num=10, rep_kind=1
2020-01-08 14:49:27,147 - test - 55 - Mean Of GES=40.58581301246403
2020-01-08 14:49:27,148 - test - 56 - Mean Of Bayes=12.252776955203677
2020-01-09 07:43:19,744 - test - 54 - loop_num=100, n=50, p=7, c=4, rep_num=10, rep_kind=1
2020-01-09 07:43:19,746 - test - 55 - Mean Of GES=23.51975866550848
2020-01-09 07:43:19,746 - test - 56 - Mean Of Bayes=12.714364910237098
2020-01-12 13:24:18,684 - test_rep_kind - 197 - loop_num=100, n=10, p=7, c=4, rep_num=10
2020-01-12 13:25:17,338 - test_rep_kind - 197 - loop_num=100, n=10, p=7, c=4, rep_num=10
2020-01-12 13:50:12,500 - test - 65 - loop_num=1, n=30, p=7, c=4, rep_num=10, rep_kind=1
2020-01-12 13:50:12,501 - test - 66 - MSE Of LinearReg=3.49108306942451
2020-01-12 13:50:12,501 - test - 67 - MSE Of GES=39.91485619834415
2020-01-12 13:50:12,501 - test - 68 - MSE Of Bayes=22.26920902320623
2020-01-12 14:20:29,462 - test - 65 - loop_num=1, n=30, p=7, c=4, rep_num=10, rep_kind=1
2020-01-12 14:20:29,463 - test - 66 - MSE Of LinearReg=6.8610445828496776
2020-01-12 14:20:29,463 - test - 67 - MSE Of GES=36.913156308775825
2020-01-12 14:20:29,464 - test - 68 - MSE Of Bayes=2.2412924827859544
2020-01-12 15:56:48,967 - test - 66 - loop_num=100, n=5, p=7, c=4, rep_num=10, rep_kind=1
2020-01-12 15:56:48,969 - test - 67 - MSE Of LinearReg=53.60797236272906
2020-01-12 15:56:48,969 - test - 68 - MSE Of GES=223.95670481173767
2020-01-12 15:56:48,969 - test - 69 - MSE Of Bayes=27.966454449406434
2020-01-12 17:03:27,011 - test - 66 - loop_num=100, n=10, p=7, c=4, rep_num=10, rep_kind=1
2020-01-12 17:03:27,012 - test - 67 - MSE Of LinearReg=16.344227304801123
2020-01-12 17:03:27,012 - test - 68 - MSE Of GES=52.36609215108028
2020-01-12 17:03:27,012 - test - 69 - MSE Of Bayes=19.967746995773354
2020-01-12 17:13:18,757 - test - 66 - loop_num=5, n=10, p=7, c=4, rep_num=10, rep_kind=1
2020-01-12 17:13:18,758 - test - 67 - MSE Of LinearReg=16.66027095999296
2020-01-12 17:13:18,759 - test - 68 - MSE Of GES=117.23564359055031
2020-01-12 17:13:18,759 - test - 69 - MSE Of Bayes=52.180806881224065
2020-01-12 17:21:28,418 - test - 66 - loop_num=5, n=10, p=7, c=4, rep_num=10, rep_kind=1
2020-01-12 17:21:28,419 - test - 67 - MSE Of LinearReg=3.612798802870757
2020-01-12 17:21:28,419 - test - 68 - MSE Of GES=5.0121305051288765
2020-01-12 17:21:28,419 - test - 69 - MSE Of Bayes=5.3506353491422285
2020-01-12 17:29:55,828 - test - 66 - loop_num=5, n=10, p=7, c=4, rep_num=10, rep_kind=1
2020-01-12 17:29:55,830 - test - 67 - MSE Of LinearReg=2.3679798792746016
2020-01-12 17:29:55,830 - test - 68 - MSE Of GES=36.47222856667686
2020-01-12 17:29:55,830 - test - 69 - MSE Of Bayes=4.53586588188998
2020-01-12 17:58:15,382 - test - 70 - loop_num=5, n=10, p=5, c=4, rep_num=10, rep_kind=1
2020-01-12 17:58:15,383 - test - 71 - MSE Of LinearReg=13.426026460626138
2020-01-12 17:58:15,384 - test - 72 - MSE Of GES=53.527167717119525
2020-01-12 17:58:15,384 - test - 73 - MSE Of Bayes=81.83093916503928
2020-01-12 22:30:12,749 - test - 72 - loop_num=5, n=10, p=7, c=4, rep_num=10, rep_kind=1
2020-01-12 22:30:12,750 - test - 73 - MSE Of LinearReg=0.7747263026164435
2020-01-12 22:30:12,750 - test - 74 - MSE Of GES=10.370339331401093
2020-01-12 22:30:12,752 - test - 75 - MSE Of Bayes=7.23257569371431
2020-01-12 22:40:15,111 - test - 72 - loop_num=5, n=10, p=7, c=4, rep_num=10, rep_kind=1
2020-01-12 22:40:15,113 - test - 73 - MSE Of LinearReg=12.54475296363373
2020-01-12 22:40:15,113 - test - 74 - MSE Of GES=175.84810624535584
2020-01-12 22:40:15,114 - test - 75 - MSE Of Bayes=181.61184211919118
2020-01-15 15:19:20,895 - test - 72 - loop_num=5, n=10, p=7, c=4, rep_num=10, rep_kind=1
2020-01-15 15:19:20,897 - test - 73 - MSE Of LinearReg=17.208141191190325
2020-01-15 15:19:20,900 - test - 74 - MSE Of GES=158.2718628717849
2020-01-15 15:19:20,900 - test - 75 - MSE Of Bayes=49.43357755862577
2020-01-15 15:23:01,275 - test - 72 - loop_num=5, n=10, p=7, c=4, rep_num=10, rep_kind=1
2020-01-15 15:23:01,276 - test - 73 - MSE Of LinearReg=37.299353077493365
2020-01-15 15:23:01,277 - test - 74 - MSE Of GES=79.49549773076176
2020-01-15 15:23:01,277 - test - 75 - MSE Of Bayes=63.50938694793781
2020-01-15 15:36:42,622 - test - 72 - loop_num=5, n=10, p=10, c=4, rep_num=10, rep_kind=1
2020-01-15 15:36:42,624 - test - 73 - MSE Of LinearReg=10.556430838106783
2020-01-15 15:36:42,624 - test - 74 - MSE Of GES=39.409862611517674
2020-01-15 15:36:42,624 - test - 75 - MSE Of Bayes=24.658398222586413
2020-01-20 00:00:25,885 - test - 72 - loop_num=5, n=10, p=10, c=4, rep_num=10, rep_kind=1
2020-01-20 00:00:25,887 - test - 73 - MSE Of LinearReg=1.0950644081425562
2020-01-20 00:00:25,887 - test - 74 - MSE Of GES=7.900948876568061
2020-01-20 00:00:25,887 - test - 75 - MSE Of Bayes=1.4773232577632147
2020-01-20 00:26:47,942 - test - 72 - loop_num=5, n=30, p=7, c=4, rep_num=10, rep_kind=1
2020-01-20 00:26:47,943 - test - 73 - MSE Of LinearReg=0.8055753152420155
2020-01-20 00:26:47,943 - test - 74 - MSE Of GES=406.4698880003451
2020-01-20 00:26:47,943 - test - 75 - MSE Of Bayes=77.33104307019197
2020-01-20 01:42:12,215 - test - 72 - loop_num=100, n=5, p=7, c=4, rep_num=10, rep_kind=1
2020-01-20 01:42:12,217 - test - 73 - MSE Of LinearReg=48.62167346627129
2020-01-20 01:42:12,217 - test - 74 - MSE Of GES=112.6837113164612
2020-01-20 01:42:12,217 - test - 75 - MSE Of Bayes=60.418030096415784
2020-01-20 02:34:33,236 - test - 72 - loop_num=100, n=10, p=7, c=4, rep_num=10, rep_kind=1
2020-01-20 02:34:33,238 - test - 73 - MSE Of LinearReg=7.635240707985032
2020-01-20 02:34:33,238 - test - 74 - MSE Of GES=46.21447966885157
2020-01-20 02:34:33,238 - test - 75 - MSE Of Bayes=51.210496665257885
2020-01-20 03:28:48,889 - test - 72 - loop_num=100, n=15, p=7, c=4, rep_num=10, rep_kind=1
2020-01-20 03:28:48,891 - test - 73 - MSE Of LinearReg=2.4809868063548595
2020-01-20 03:28:48,891 - test - 74 - MSE Of GES=29.627384836653928
2020-01-20 03:28:48,891 - test - 75 - MSE Of Bayes=33.22621715932528
2020-01-20 08:43:38,919 - test - 72 - loop_num=5, n=20, p=7, c=5, rep_num=10, rep_kind=1
2020-01-20 08:43:38,922 - test - 73 - MSE Of LinearReg=0.49535908976959614
2020-01-20 08:43:38,922 - test - 74 - MSE Of GES=20.271931121047267
2020-01-20 08:43:38,922 - test - 75 - MSE Of Bayes=15.349242440050313
2020-01-20 08:52:02,512 - test - 72 - loop_num=5, n=5, p=7, c=5, rep_num=10, rep_kind=1
2020-01-20 08:52:02,513 - test - 73 - MSE Of LinearReg=12.055191107761937
2020-01-20 08:52:02,514 - test - 74 - MSE Of GES=90.23811790473437
2020-01-20 08:52:02,514 - test - 75 - MSE Of Bayes=5.270427426052008
2020-01-20 08:54:59,270 - test - 72 - loop_num=5, n=10, p=7, c=4, rep_num=10, rep_kind=1
2020-01-20 08:54:59,270 - test - 73 - MSE Of LinearReg=3.186210292175862
2020-01-20 08:54:59,270 - test - 74 - MSE Of GES=62.03386727499691
2020-01-20 08:54:59,270 - test - 75 - MSE Of Bayes=41.536709861099354
2020-01-20 09:00:24,348 - test - 72 - loop_num=5, n=10, p=7, c=4, rep_num=10, rep_kind=1
2020-01-20 09:00:24,350 - test - 73 - MSE Of LinearReg=16.959780557622686
2020-01-20 09:00:24,350 - test - 74 - MSE Of GES=15.275573410176966
2020-01-20 09:00:24,350 - test - 75 - MSE Of Bayes=20.332917973335498
2020-01-20 09:06:37,344 - test - 72 - loop_num=10, n=10, p=7, c=4, rep_num=10, rep_kind=1
2020-01-20 09:06:37,344 - test - 73 - MSE Of LinearReg=16.71041966198829
2020-01-20 09:06:37,344 - test - 74 - MSE Of GES=89.20492417034187
2020-01-20 09:06:37,344 - test - 75 - MSE Of Bayes=112.44097580380169
2020-01-20 09:16:26,175 - test - 73 - loop_num=10, n=10, p=7, c=4, rep_num=10, rep_kind=1
2020-01-20 09:16:26,175 - test - 74 - MSE Of LinearReg=0.26878882355004075
2020-01-20 09:16:26,175 - test - 75 - MSE Of GES=8.596650593860527
2020-01-20 09:16:26,175 - test - 76 - MSE Of Bayes=3.5402640176946
2020-01-20 09:25:01,893 - test - 73 - loop_num=10, n=10, p=7, c=4, rep_num=10, rep_kind=1
2020-01-20 09:25:01,893 - test - 74 - MSE Of LinearReg=7.510795643294265
2020-01-20 09:25:01,894 - test - 75 - MSE Of GES=24.506351311064154
2020-01-20 09:25:01,894 - test - 76 - MSE Of Bayes=6.192312639544879
2020-01-20 10:12:12,529 - test - 73 - loop_num=100, n=5, p=7, c=4, rep_num=10, rep_kind=1
2020-01-20 10:12:12,531 - test - 74 - MSE Of LinearReg=21.181550538313694
2020-01-20 10:12:12,531 - test - 75 - MSE Of GES=535.482330104798
2020-01-20 10:12:12,534 - test - 76 - MSE Of Bayes=10.765714191893709
2020-01-20 11:05:02,678 - test - 73 - loop_num=100, n=10, p=7, c=4, rep_num=10, rep_kind=1
2020-01-20 11:05:02,680 - test - 74 - MSE Of LinearReg=3.6552347975021466
2020-01-20 11:05:02,680 - test - 75 - MSE Of GES=39.99840709647889
2020-01-20 11:05:02,680 - test - 76 - MSE Of Bayes=5.859824638044346
2020-01-20 11:59:16,413 - test - 73 - loop_num=100, n=15, p=7, c=4, rep_num=10, rep_kind=1
2020-01-20 11:59:16,414 - test - 74 - MSE Of LinearReg=2.626826011652861
2020-01-20 11:59:16,414 - test - 75 - MSE Of GES=46.77658423988914
2020-01-20 11:59:16,414 - test - 76 - MSE Of Bayes=6.358541374782642
2020-01-20 12:55:13,550 - test - 73 - loop_num=100, n=20, p=7, c=4, rep_num=10, rep_kind=1
2020-01-20 12:55:13,552 - test - 74 - MSE Of LinearReg=1.561099324289464
2020-01-20 12:55:13,552 - test - 75 - MSE Of GES=49.6356290953467
2020-01-20 12:55:13,556 - test - 76 - MSE Of Bayes=3.990169064611063
2020-01-20 13:53:24,846 - test - 73 - loop_num=100, n=25, p=7, c=4, rep_num=10, rep_kind=1
2020-01-20 13:53:24,847 - test - 74 - MSE Of LinearReg=0.6599199577537659
2020-01-20 13:53:24,847 - test - 75 - MSE Of GES=38.38429989501474
2020-01-20 13:53:24,848 - test - 76 - MSE Of Bayes=3.6669422070109494
2020-01-20 14:52:45,277 - test - 73 - loop_num=100, n=30, p=7, c=4, rep_num=10, rep_kind=1
2020-01-20 14:52:45,277 - test - 74 - MSE Of LinearReg=1.1118545993537516
2020-01-20 14:52:45,277 - test - 75 - MSE Of GES=34.867643979928154
2020-01-20 14:52:45,278 - test - 76 - MSE Of Bayes=5.017789206850689
2020-01-20 15:55:24,383 - test - 73 - loop_num=100, n=35, p=7, c=4, rep_num=10, rep_kind=1
2020-01-20 15:55:24,383 - test - 74 - MSE Of LinearReg=0.9786092745179047
2020-01-20 15:55:24,383 - test - 75 - MSE Of GES=36.45644781225941
2020-01-20 15:55:24,383 - test - 76 - MSE Of Bayes=3.218337457206467
2020-01-20 17:00:00,671 - test - 73 - loop_num=100, n=40, p=7, c=4, rep_num=10, rep_kind=1
2020-01-20 17:00:00,673 - test - 74 - MSE Of LinearReg=0.7205587015497987
2020-01-20 17:00:00,673 - test - 75 - MSE Of GES=44.14469840304337
2020-01-20 17:00:00,673 - test - 76 - MSE Of Bayes=5.593636058065996
2020-01-20 18:08:45,312 - test - 73 - loop_num=100, n=45, p=7, c=4, rep_num=10, rep_kind=1
2020-01-20 18:08:45,314 - test - 74 - MSE Of LinearReg=0.618345160423338
2020-01-20 18:08:45,314 - test - 75 - MSE Of GES=27.341975662405385
2020-01-20 18:08:45,314 - test - 76 - MSE Of Bayes=1.6100867983316578
2020-01-20 19:27:01,285 - test - 73 - loop_num=100, n=50, p=7, c=4, rep_num=10, rep_kind=1
2020-01-20 19:27:01,287 - test - 74 - MSE Of LinearReg=0.6573117943354383
2020-01-20 19:27:01,287 - test - 75 - MSE Of GES=43.6652792270547
2020-01-20 19:27:01,287 - test - 76 - MSE Of Bayes=4.625310572496899
2020-01-20 20:57:43,851 - test - 73 - loop_num=10, n=10, p=7, c=4, rep_num=10, rep_kind=1
2020-01-20 20:57:43,852 - test - 74 - MSE Of LinearReg=3.5466106013410466
2020-01-20 20:57:43,852 - test - 75 - MSE Of GES=5.809091577324738
2020-01-20 20:57:43,852 - test - 76 - MSE Of Bayes=12.232676686207654
2020-01-20 21:03:40,270 - test - 73 - loop_num=10, n=10, p=7, c=4, rep_num=10, rep_kind=1
2020-01-20 21:03:40,271 - test - 74 - MSE Of LinearReg=4.962980612683044
2020-01-20 21:03:40,271 - test - 75 - MSE Of GES=7.983837140816972
2020-01-20 21:03:40,272 - test - 76 - MSE Of Bayes=9.842096050380277
2020-01-20 21:27:20,246 - test - 73 - loop_num=10, n=10, p=7, c=4, rep_num=10, rep_kind=1
2020-01-20 21:27:20,247 - test - 74 - MSE Of LinearReg=0.9366996008763062
2020-01-20 21:27:20,247 - test - 75 - MSE Of GES=11.439868377408299
2020-01-20 21:27:20,247 - test - 76 - MSE Of Bayes=1.6323817737353703
2020-01-20 21:44:49,152 - test - 73 - loop_num=10, n=10, p=7, c=4, rep_num=10, rep_kind=1
2020-01-20 21:44:49,153 - test - 74 - MSE Of LinearReg=4.105201742717421
2020-01-20 21:44:49,153 - test - 75 - MSE Of GES=39.08487868633062
2020-01-20 21:44:49,153 - test - 76 - MSE Of Bayes=6.158039056463341
2020-01-20 22:19:54,413 - test - 73 - loop_num=10, n=10, p=7, c=4, rep_num=10, rep_kind=1
2020-01-20 22:19:54,415 - test - 74 - MSE Of LinearReg=3.525533767685186
2020-01-20 22:19:54,415 - test - 75 - MSE Of GES=25.2806688883237
2020-01-20 22:19:54,415 - test - 76 - MSE Of Bayes=10.328834672364522
2020-01-20 22:27:29,219 - test - 73 - loop_num=10, n=10, p=7, c=4, rep_num=10, rep_kind=1
2020-01-20 22:27:29,219 - test - 74 - MSE Of LinearReg=4.112825300986198
2020-01-20 22:27:29,220 - test - 75 - MSE Of GES=6.305285486874245
2020-01-20 22:27:29,220 - test - 76 - MSE Of Bayes=2.7999093727705997
2020-01-20 22:33:07,679 - test - 73 - loop_num=10, n=10, p=7, c=4, rep_num=10, rep_kind=1
2020-01-20 22:33:07,679 - test - 74 - MSE Of LinearReg=2.270891499909555
2020-01-20 22:33:07,679 - test - 75 - MSE Of GES=9.652198660423768
2020-01-20 22:33:07,679 - test - 76 - MSE Of Bayes=1.7274640542869115
2020-01-20 23:16:48,133 - test - 73 - loop_num=100, n=5, p=7, c=4, rep_num=10, rep_kind=1
2020-01-20 23:16:48,134 - test - 74 - MSE Of LinearReg=14.646875653552218
2020-01-20 23:16:48,134 - test - 75 - MSE Of GES=6.825112027840586
2020-01-20 23:16:48,134 - test - 76 - MSE Of Bayes=3.8312417573921653
2020-01-21 00:08:59,436 - test - 73 - loop_num=100, n=10, p=7, c=4, rep_num=10, rep_kind=1
2020-01-21 00:08:59,438 - test - 74 - MSE Of LinearReg=4.3941123541218765
2020-01-21 00:08:59,438 - test - 75 - MSE Of GES=10.802126979666811
2020-01-21 00:08:59,438 - test - 76 - MSE Of Bayes=3.232279827522228
2020-01-21 01:02:29,455 - test - 73 - loop_num=100, n=15, p=7, c=4, rep_num=10, rep_kind=1
2020-01-21 01:02:29,457 - test - 74 - MSE Of LinearReg=2.1515710275063484
2020-01-21 01:02:29,457 - test - 75 - MSE Of GES=7.45078373276648
2020-01-21 01:02:29,457 - test - 76 - MSE Of Bayes=1.4798907090905138
2020-01-21 01:57:26,008 - test - 73 - loop_num=100, n=20, p=7, c=4, rep_num=10, rep_kind=1
2020-01-21 01:57:26,010 - test - 74 - MSE Of LinearReg=1.415115816225535
2020-01-21 01:57:26,010 - test - 75 - MSE Of GES=9.650593448820041
2020-01-21 01:57:26,010 - test - 76 - MSE Of Bayes=1.751368263154103
2020-01-21 02:54:00,133 - test - 73 - loop_num=100, n=25, p=7, c=4, rep_num=10, rep_kind=1
2020-01-21 02:54:00,135 - test - 74 - MSE Of LinearReg=1.1539968970475998
2020-01-21 02:54:00,136 - test - 75 - MSE Of GES=6.102433524006381
2020-01-21 02:54:00,136 - test - 76 - MSE Of Bayes=1.140487329182756
2020-01-21 03:52:07,024 - test - 73 - loop_num=100, n=30, p=7, c=4, rep_num=10, rep_kind=1
2020-01-21 03:52:07,025 - test - 74 - MSE Of LinearReg=1.1961220453665573
2020-01-21 03:52:07,025 - test - 75 - MSE Of GES=7.8685708932746765
2020-01-21 03:52:07,025 - test - 76 - MSE Of Bayes=1.1709475536233405
2020-01-21 04:53:15,109 - test - 73 - loop_num=100, n=35, p=7, c=4, rep_num=10, rep_kind=1
2020-01-21 04:53:15,110 - test - 74 - MSE Of LinearReg=1.262159602910783
2020-01-21 04:53:15,110 - test - 75 - MSE Of GES=6.199087466532501
2020-01-21 04:53:15,110 - test - 76 - MSE Of Bayes=1.1185346513448748
2020-01-21 05:56:09,843 - test - 73 - loop_num=100, n=40, p=7, c=4, rep_num=10, rep_kind=1
2020-01-21 05:56:09,845 - test - 74 - MSE Of LinearReg=0.7784048913112148
2020-01-21 05:56:09,845 - test - 75 - MSE Of GES=7.784158841498498
2020-01-21 05:56:09,845 - test - 76 - MSE Of Bayes=0.7819281910420834
2020-01-21 07:00:56,189 - test - 73 - loop_num=100, n=45, p=7, c=4, rep_num=10, rep_kind=1
2020-01-21 07:00:56,190 - test - 74 - MSE Of LinearReg=0.7122625741832925
2020-01-21 07:00:56,191 - test - 75 - MSE Of GES=7.505512291358396
2020-01-21 07:00:56,191 - test - 76 - MSE Of Bayes=1.0755646290481438
2020-01-21 08:07:44,622 - test - 73 - loop_num=100, n=50, p=7, c=4, rep_num=10, rep_kind=1
2020-01-21 08:07:44,623 - test - 74 - MSE Of LinearReg=0.4913208466472039
2020-01-21 08:07:44,623 - test - 75 - MSE Of GES=7.597858429174176
2020-01-21 08:07:44,623 - test - 76 - MSE Of Bayes=0.7120830400469828
2020-01-21 08:09:25,964 - test_rep_kind - 204 - loop_num=100, n=10, p=7, c=4, rep_num=10
2020-01-21 13:49:07,167 - test - 73 - loop_num=100, n=10, p=3, c=2, rep_num=10, rep_kind=1
2020-01-21 13:49:07,170 - test - 74 - MSE Of LinearReg=3.574924531361445
2020-01-21 13:49:07,170 - test - 75 - MSE Of GES=6.965059156296171
2020-01-21 13:49:07,170 - test - 76 - MSE Of Bayes=2.2838808858892214
2020-01-21 13:51:46,824 - test - 73 - loop_num=100, n=10, p=3, c=2, rep_num=10, rep_kind=1
2020-01-21 13:51:46,825 - test - 74 - MSE Of LinearReg=3.2538637185390593
2020-01-21 13:51:46,825 - test - 75 - MSE Of GES=6.558274898314688
2020-01-21 13:51:46,825 - test - 76 - MSE Of Bayes=2.0203276266645607
2020-01-21 14:02:54,520 - test - 73 - loop_num=100, n=10, p=5, c=3, rep_num=10, rep_kind=1
2020-01-21 14:02:54,521 - test - 74 - MSE Of LinearReg=4.362575140708185
2020-01-21 14:02:54,521 - test - 75 - MSE Of GES=6.084588652958791
2020-01-21 14:02:54,521 - test - 76 - MSE Of Bayes=2.427014224264523
2020-01-22 00:08:35,094 - test - 73 - loop_num=2, n=10, p=7, c=4, rep_num=10, rep_kind=1
2020-01-22 00:08:35,096 - test - 74 - MSE Of LinearReg=0.0851102802279538
2020-01-22 00:08:35,096 - test - 75 - MSE Of GES=2.0916632308066427
2020-01-22 00:08:35,096 - test - 76 - MSE Of Bayes=2.3205269694568202
2020-01-22 01:16:20,779 - test - 73 - loop_num=100, n=5, p=7, c=4, rep_num=10, rep_kind=1
2020-01-22 01:16:20,781 - test - 74 - MSE Of LinearReg=12.5314628306184
2020-01-22 01:16:20,781 - test - 75 - MSE Of GES=6.433849199861333
2020-01-22 01:16:20,781 - test - 76 - MSE Of Bayes=3.538845842944564
2020-01-22 02:38:44,364 - test - 73 - loop_num=100, n=10, p=7, c=4, rep_num=10, rep_kind=1
2020-01-22 02:38:44,366 - test - 74 - MSE Of LinearReg=4.081982802458278
2020-01-22 02:38:44,366 - test - 75 - MSE Of GES=7.2900608942591445
2020-01-22 02:38:44,366 - test - 76 - MSE Of Bayes=2.682935065012665
2020-01-22 04:02:51,349 - test - 73 - loop_num=100, n=15, p=7, c=4, rep_num=10, rep_kind=1
2020-01-22 04:02:51,350 - test - 74 - MSE Of LinearReg=2.0572742663958317
2020-01-22 04:02:51,350 - test - 75 - MSE Of GES=6.79977311296147
2020-01-22 04:02:51,350 - test - 76 - MSE Of Bayes=1.5882997324098205
2020-01-22 05:28:44,558 - test - 73 - loop_num=100, n=20, p=7, c=4, rep_num=10, rep_kind=1
2020-01-22 05:28:44,559 - test - 74 - MSE Of LinearReg=3.2048436544677474
2020-01-22 05:28:44,559 - test - 75 - MSE Of GES=7.0025180493373815
2020-01-22 05:28:44,559 - test - 76 - MSE Of Bayes=1.8181047474329706
2020-01-22 06:56:15,847 - test - 73 - loop_num=100, n=25, p=7, c=4, rep_num=10, rep_kind=1
2020-01-22 06:56:15,848 - test - 74 - MSE Of LinearReg=1.1890622955773338
2020-01-22 06:56:15,848 - test - 75 - MSE Of GES=6.358800915863802
2020-01-22 06:56:15,848 - test - 76 - MSE Of Bayes=0.9106057573590699
2020-01-22 08:25:37,138 - test - 73 - loop_num=100, n=30, p=7, c=4, rep_num=10, rep_kind=1
2020-01-22 08:25:37,140 - test - 74 - MSE Of LinearReg=1.5900371661607375
2020-01-22 08:25:37,140 - test - 75 - MSE Of GES=6.496862887042818
2020-01-22 08:25:37,140 - test - 76 - MSE Of Bayes=1.1101879562918329
2020-01-22 09:25:12,728 - test - 73 - loop_num=10, n=5, p=7, c=4, rep_num=10, rep_kind=1
2020-01-22 09:25:12,730 - test - 74 - MSE Of LinearReg=10.132401331098247
2020-01-22 09:25:12,730 - test - 75 - MSE Of GES=9.41604022772549
2020-01-22 09:25:12,730 - test - 76 - MSE Of Bayes=4.004844292092807
2020-01-22 11:09:07,640 - test - 73 - loop_num=100, n=5, p=7, c=4, rep_num=10, rep_kind=1
2020-01-22 11:09:07,642 - test - 74 - MSE Of LinearReg=20.83030398321879
2020-01-22 11:09:07,643 - test - 75 - MSE Of GES=47.80199773620275
2020-01-22 11:09:07,643 - test - 76 - MSE Of Bayes=4.418579426187986
2020-01-22 13:59:14,656 - test - 73 - loop_num=100, n=10, p=7, c=4, rep_num=10, rep_kind=1
2020-01-22 13:59:14,658 - test - 74 - MSE Of LinearReg=3.974544168011995
2020-01-22 13:59:14,658 - test - 75 - MSE Of GES=9.097495355587492
2020-01-22 13:59:14,658 - test - 76 - MSE Of Bayes=3.1310191537654264
2020-01-22 18:33:59,831 - test - 73 - loop_num=100, n=10, p=3, c=2, rep_num=10, rep_kind=1
2020-01-22 18:33:59,833 - test - 74 - MSE Of LinearReg=4.804718162696327
2020-01-22 18:33:59,833 - test - 75 - MSE Of GES=5.372820033485587
2020-01-22 18:33:59,833 - test - 76 - MSE Of Bayes=2.541030302398493
2020-01-22 18:53:36,717 - test - 73 - loop_num=100, n=10, p=5, c=3, rep_num=10, rep_kind=1
2020-01-22 18:53:36,717 - test - 74 - MSE Of LinearReg=5.613464893257455
2020-01-22 18:53:36,717 - test - 75 - MSE Of GES=6.3375066769301585
2020-01-22 18:53:36,717 - test - 76 - MSE Of Bayes=2.9498775670466033
2020-01-23 13:38:41,586 - test - 73 - loop_num=100, n=10, p=10, c=6, rep_num=10, rep_kind=1
2020-01-23 13:38:41,589 - test - 74 - MSE Of LinearReg=3.2823838281863713
2020-01-23 13:38:41,589 - test - 75 - MSE Of GES=7.8861776669777335
2020-01-23 13:38:41,589 - test - 76 - MSE Of Bayes=2.0966420821125045
2020-01-24 23:39:59,626 - test - 74 - loop_num=10, n=10, p=5, c=3, rep_num=10, rep_kind=1
2020-01-24 23:39:59,628 - test - 75 - MSE Of LinearReg=2.759728323196364
2020-01-24 23:39:59,628 - test - 76 - MSE Of GES=13.08165238930199
2020-01-24 23:39:59,629 - test - 77 - MSE Of Bayes=12.87575996308328
2020-01-24 23:53:23,515 - test - 74 - loop_num=10, n=10, p=5, c=3, rep_num=10, rep_kind=1
2020-01-24 23:53:23,517 - test - 75 - MSE Of LinearReg=2.5315321871773895
2020-01-24 23:53:23,517 - test - 76 - MSE Of GES=7.011437300470703
2020-01-24 23:53:23,517 - test - 77 - MSE Of Bayes=34.7473146475822
2020-01-25 01:28:17,537 - test - 74 - loop_num=100, n=5, p=5, c=3, rep_num=10, rep_kind=1
2020-01-25 01:28:17,539 - test - 75 - MSE Of LinearReg=14.369442973216794
2020-01-25 01:28:17,539 - test - 76 - MSE Of GES=19.893958672303853
2020-01-25 01:28:17,539 - test - 77 - MSE Of Bayes=338.48120289788494
2020-01-25 03:12:19,145 - test - 74 - loop_num=100, n=10, p=5, c=3, rep_num=10, rep_kind=1
2020-01-25 03:12:19,146 - test - 75 - MSE Of LinearReg=5.1714085721813365
2020-01-25 03:12:19,147 - test - 76 - MSE Of GES=4.88742478328621
2020-01-25 03:12:19,147 - test - 77 - MSE Of Bayes=167.66821035157184
2020-01-25 04:58:13,116 - test - 74 - loop_num=100, n=15, p=5, c=3, rep_num=10, rep_kind=1
2020-01-25 04:58:13,118 - test - 75 - MSE Of LinearReg=2.4074867396229873
2020-01-25 04:58:13,119 - test - 76 - MSE Of GES=2.440026263121473
2020-01-25 04:58:13,119 - test - 77 - MSE Of Bayes=143.20910538715523
2020-01-25 06:45:37,920 - test - 74 - loop_num=100, n=20, p=5, c=3, rep_num=10, rep_kind=1
2020-01-25 06:45:37,921 - test - 75 - MSE Of LinearReg=2.5497400157341987
2020-01-25 06:45:37,922 - test - 76 - MSE Of GES=2.563401111797008
2020-01-25 06:45:37,922 - test - 77 - MSE Of Bayes=804.9691305831448
2020-01-25 09:27:49,601 - test - 74 - loop_num=3, n=10, p=5, c=3, rep_num=10, rep_kind=3
2020-01-25 09:27:49,603 - test - 75 - MSE Of LinearReg=0.742044382071703
2020-01-25 09:27:49,603 - test - 76 - MSE Of GES=0.7186362192586334
2020-01-25 09:27:49,603 - test - 77 - MSE Of Bayes=2.36810337458453
2020-01-25 09:31:52,253 - test - 74 - loop_num=3, n=10, p=5, c=3, rep_num=10, rep_kind=3
2020-01-25 09:31:52,256 - test - 75 - MSE Of LinearReg=1.0404987987511813
2020-01-25 09:31:52,256 - test - 76 - MSE Of GES=1.0404987987511813
2020-01-25 09:31:52,256 - test - 77 - MSE Of Bayes=0.7504213396778119
2020-01-25 09:43:32,071 - test - 74 - loop_num=3, n=10, p=5, c=3, rep_num=10, rep_kind=3
2020-01-25 09:43:32,073 - test - 75 - MSE Of LinearReg=3.4175599155549112
2020-01-25 09:43:32,073 - test - 76 - MSE Of GES=3.4175599155549112
2020-01-25 09:43:32,073 - test - 77 - MSE Of Bayes=0.4059720235289141
2020-01-25 09:47:39,366 - test - 74 - loop_num=3, n=10, p=5, c=3, rep_num=10, rep_kind=3
2020-01-25 09:47:39,368 - test - 75 - MSE Of LinearReg=4.17253034113094
2020-01-25 09:47:39,369 - test - 76 - MSE Of GES=4.78349417875426
2020-01-25 09:47:39,369 - test - 77 - MSE Of Bayes=2.9419625786141026
2020-01-25 10:18:23,916 - test - 74 - loop_num=3, n=10, p=7, c=3, rep_num=10, rep_kind=3
2020-01-25 10:18:23,918 - test - 75 - MSE Of LinearReg=0.29721975227912706
2020-01-25 10:18:23,918 - test - 76 - MSE Of GES=0.27647865709404934
2020-01-25 10:18:23,918 - test - 77 - MSE Of Bayes=2.7078566778259963
2020-01-25 10:21:33,074 - test_rep_kind - 208 - loop_num=100, n=10, p=7, c=3, rep_num=10
2020-01-26 09:20:55,138 - test_rep_num - 152 - loop_num=100, n=10, p=7, c=3, rep_kind=3
2020-01-26 12:32:16,810 - test - 76 - loop_num=3, n=5, p=5, c=3, rep_num=10, rep_kind=3
2020-01-26 12:32:16,812 - test - 77 - MSE Of LinearReg=45.5863977073831
2020-01-26 12:32:16,812 - test - 78 - MSE Of GES=43.725165195594734
2020-01-26 12:32:16,812 - test - 79 - MSE Of Bayes=16.883315387839364
2020-01-26 12:35:10,971 - test_rep_kind - 210 - loop_num=100, n=10, p=5, c=3, rep_num=10
2020-01-26 18:45:07,875 - test_rep_num - 154 - loop_num=100, n=10, p=5, c=3, rep_kind=3
2020-01-27 15:44:38,933 - test_rep_num - 210 - loop_num=100, n=10, p=5, c=3, rep_kind=3
2020-01-28 08:02:58,699 - test - 76 - loop_num=100, n=20, p=5, c=3, rep_num=10, rep_kind=3
2020-01-28 08:02:58,701 - test - 77 - MSE Of LinearReg=1.6869579844536187
2020-01-28 08:02:58,701 - test - 78 - MSE Of GES=2.0540069637092295
2020-01-28 08:02:58,701 - test - 79 - MSE Of Bayes=2.409129902643969
2020-01-28 10:29:53,464 - test - 76 - loop_num=100, n=25, p=5, c=3, rep_num=10, rep_kind=3
2020-01-28 10:29:53,466 - test - 77 - MSE Of LinearReg=1.3495577022797727
2020-01-28 10:29:53,466 - test - 78 - MSE Of GES=1.3859469970912266
2020-01-28 10:29:53,466 - test - 79 - MSE Of Bayes=2.859007336629204
2020-01-28 12:55:48,287 - test - 76 - loop_num=100, n=30, p=5, c=3, rep_num=10, rep_kind=3
2020-01-28 12:55:48,289 - test - 77 - MSE Of LinearReg=1.2287285878942706
2020-01-28 12:55:48,289 - test - 78 - MSE Of GES=1.2991386732214887
2020-01-28 12:55:48,289 - test - 79 - MSE Of Bayes=1.8872925721376241
2020-01-28 14:45:45,429 - test - 76 - loop_num=100, n=35, p=5, c=3, rep_num=10, rep_kind=3
2020-01-28 14:45:45,431 - test - 77 - MSE Of LinearReg=1.195129819072259
2020-01-28 14:45:45,431 - test - 78 - MSE Of GES=1.323241356785503
2020-01-28 14:45:45,431 - test - 79 - MSE Of Bayes=1.4557256609463847
2020-01-28 16:28:13,960 - test - 76 - loop_num=100, n=40, p=5, c=3, rep_num=10, rep_kind=3
2020-01-28 16:28:13,961 - test - 77 - MSE Of LinearReg=1.0066451941042238
2020-01-28 16:28:13,961 - test - 78 - MSE Of GES=1.7708752967461803
2020-01-28 16:28:13,961 - test - 79 - MSE Of Bayes=2.7378225498582403
2020-01-28 18:11:52,550 - test - 76 - loop_num=100, n=45, p=5, c=3, rep_num=10, rep_kind=3
2020-01-28 18:11:52,552 - test - 77 - MSE Of LinearReg=0.6699430885923059
2020-01-28 18:11:52,552 - test - 78 - MSE Of GES=0.8069168618583261
2020-01-28 18:11:52,552 - test - 79 - MSE Of Bayes=1.7848581200832052
2020-01-28 20:43:22,441 - test - 76 - loop_num=100, n=50, p=5, c=3, rep_num=10, rep_kind=3
2020-01-28 20:43:22,443 - test - 77 - MSE Of LinearReg=0.8720202799447117
2020-01-28 20:43:22,444 - test - 78 - MSE Of GES=0.816116051451225
2020-01-28 20:43:22,444 - test - 79 - MSE Of Bayes=1.6831730751055696
2020-01-28 23:39:21,834 - test - 76 - loop_num=100, n=20, p=5, c=3, rep_num=10, rep_kind=3
2020-01-28 23:39:21,836 - test - 77 - MSE Of LinearReg=10.537174112237224
2020-01-28 23:39:21,836 - test - 78 - MSE Of GES=11.060075879004417
2020-01-28 23:39:21,836 - test - 79 - MSE Of Bayes=7.280638301975342
2020-01-29 01:14:15,842 - test - 76 - loop_num=100, n=25, p=5, c=3, rep_num=10, rep_kind=3
2020-01-29 01:14:15,844 - test - 77 - MSE Of LinearReg=12.41798634360729
2020-01-29 01:14:15,844 - test - 78 - MSE Of GES=12.770544891583265
2020-01-29 01:14:15,844 - test - 79 - MSE Of Bayes=1.6388739157611498
2020-01-29 02:50:18,078 - test - 76 - loop_num=100, n=30, p=5, c=3, rep_num=10, rep_kind=3
2020-01-29 02:50:18,080 - test - 77 - MSE Of LinearReg=10.658542830633541
2020-01-29 02:50:18,080 - test - 78 - MSE Of GES=10.468842048107987
2020-01-29 02:50:18,080 - test - 79 - MSE Of Bayes=7.73469989392929
2020-01-29 04:28:08,872 - test - 76 - loop_num=100, n=35, p=5, c=3, rep_num=10, rep_kind=3
2020-01-29 04:28:08,873 - test - 77 - MSE Of LinearReg=11.472074295264793
2020-01-29 04:28:08,873 - test - 78 - MSE Of GES=11.22415083140206
2020-01-29 04:28:08,873 - test - 79 - MSE Of Bayes=2.9522307296437442
2020-01-29 06:07:11,829 - test - 76 - loop_num=100, n=40, p=5, c=3, rep_num=10, rep_kind=3
2020-01-29 06:07:11,831 - test - 77 - MSE Of LinearReg=11.193487415691695
2020-01-29 06:07:11,831 - test - 78 - MSE Of GES=11.744662255787352
2020-01-29 06:07:11,831 - test - 79 - MSE Of Bayes=3.352950072253214
2020-01-29 07:47:53,167 - test - 76 - loop_num=100, n=45, p=5, c=3, rep_num=10, rep_kind=3
2020-01-29 07:47:53,169 - test - 77 - MSE Of LinearReg=10.026404926427421
2020-01-29 07:47:53,169 - test - 78 - MSE Of GES=10.241842801949092
2020-01-29 07:47:53,169 - test - 79 - MSE Of Bayes=4.5963433450507845
2020-01-29 09:38:26,251 - test - 76 - loop_num=100, n=50, p=5, c=3, rep_num=10, rep_kind=3
2020-01-29 09:38:26,253 - test - 77 - MSE Of LinearReg=9.980857552917138
2020-01-29 09:38:26,253 - test - 78 - MSE Of GES=10.42560708391607
2020-01-29 09:38:26,253 - test - 79 - MSE Of Bayes=2.3896022783370623
2020-01-29 14:45:50,555 - test - 76 - loop_num=100, n=5, p=5, c=3, rep_num=10, rep_kind=3
2020-01-29 14:45:50,557 - test - 77 - MSE Of LinearReg=30.810418472052593
2020-01-29 14:45:50,558 - test - 78 - MSE Of GES=29.550494377991203
2020-01-29 14:45:50,558 - test - 79 - MSE Of Bayes=6.564408637339654
2020-01-29 17:32:04,086 - test - 76 - loop_num=100, n=10, p=5, c=3, rep_num=10, rep_kind=3
2020-01-29 17:32:04,089 - test - 77 - MSE Of LinearReg=15.858883318163311
2020-01-29 17:32:04,089 - test - 78 - MSE Of GES=16.121232413912942
2020-01-29 17:32:04,089 - test - 79 - MSE Of Bayes=4.309506496645066
2020-01-29 19:37:22,432 - test - 76 - loop_num=100, n=15, p=5, c=3, rep_num=10, rep_kind=3
2020-01-29 19:37:22,434 - test - 77 - MSE Of LinearReg=13.796653827356595
2020-01-29 19:37:22,434 - test - 78 - MSE Of GES=15.214751237368557
2020-01-29 19:37:22,434 - test - 79 - MSE Of Bayes=6.134187449504899
2020-01-29 21:16:16,038 - test - 76 - loop_num=100, n=20, p=5, c=3, rep_num=10, rep_kind=3
2020-01-29 21:16:16,040 - test - 77 - MSE Of LinearReg=11.542705333199423
2020-01-29 21:16:16,040 - test - 78 - MSE Of GES=12.147088323477044
2020-01-29 21:16:16,040 - test - 79 - MSE Of Bayes=4.818209868907303
2020-01-29 23:25:48,143 - test - 76 - loop_num=100, n=25, p=5, c=3, rep_num=10, rep_kind=3
2020-01-29 23:25:48,144 - test - 77 - MSE Of LinearReg=9.206820776175478
2020-01-29 23:25:48,144 - test - 78 - MSE Of GES=10.185327326829238
2020-01-29 23:25:48,144 - test - 79 - MSE Of Bayes=5.901736352747403
2020-01-30 01:47:24,725 - test - 76 - loop_num=100, n=30, p=5, c=3, rep_num=10, rep_kind=3
2020-01-30 01:47:24,727 - test - 77 - MSE Of LinearReg=13.089670891849469
2020-01-30 01:47:24,727 - test - 78 - MSE Of GES=13.025598750306012
2020-01-30 01:47:24,727 - test - 79 - MSE Of Bayes=2.5257450971099478
2020-01-30 04:11:17,677 - test - 76 - loop_num=100, n=35, p=5, c=3, rep_num=10, rep_kind=3
2020-01-30 04:11:17,679 - test - 77 - MSE Of LinearReg=11.083445217885703
2020-01-30 04:11:17,679 - test - 78 - MSE Of GES=11.647064325381525
2020-01-30 04:11:17,679 - test - 79 - MSE Of Bayes=3.5981764283232924
2020-01-30 06:36:33,673 - test - 76 - loop_num=100, n=40, p=5, c=3, rep_num=10, rep_kind=3
2020-01-30 06:36:33,674 - test - 77 - MSE Of LinearReg=10.59800449117563
2020-01-30 06:36:33,675 - test - 78 - MSE Of GES=10.88915849082741
2020-01-30 06:36:33,675 - test - 79 - MSE Of Bayes=3.615191969110808
2020-01-30 09:30:56,520 - test - 76 - loop_num=100, n=45, p=5, c=3, rep_num=10, rep_kind=3
2020-01-30 09:30:56,522 - test - 77 - MSE Of LinearReg=9.758728309469785
2020-01-30 09:30:56,522 - test - 78 - MSE Of GES=9.390242220458388
2020-01-30 09:30:56,522 - test - 79 - MSE Of Bayes=6.077723781162579
2020-01-30 14:25:03,274 - test - 76 - loop_num=100, n=50, p=5, c=3, rep_num=10, rep_kind=3
2020-01-30 14:25:03,275 - test - 77 - MSE Of LinearReg=10.038670055771268
2020-01-30 14:25:03,275 - test - 78 - MSE Of GES=10.21502825989715
2020-01-30 14:25:03,275 - test - 79 - MSE Of Bayes=3.0317247012802007
2020-01-30 18:40:15,176 - test - 79 - loop_num=100, n=5, p=5, c=3, rep_num=10, rep_kind=3
2020-01-30 18:40:15,178 - test - 80 - MSE Of LinearReg=21.417793262804754
2020-01-30 18:40:15,178 - test - 81 - STD of LinearReg=31.438818201285063
2020-01-30 18:40:15,178 - test - 82 - MSE Of GES=274.1574284073999
2020-01-30 18:40:15,178 - test - 83 - STD of GES=2462.740350780674
2020-01-30 18:40:15,178 - test - 84 - MSE Of Bayes=4.452588845614095
2020-01-30 18:40:15,178 - test - 85 - STD of Bayes=8.66458623405966
2020-01-30 21:04:42,965 - test - 79 - loop_num=100, n=10, p=5, c=3, rep_num=10, rep_kind=3
2020-01-30 21:04:42,967 - test - 80 - MSE Of LinearReg=12.578362108236327
2020-01-30 21:04:42,967 - test - 81 - STD of LinearReg=16.16130397811033
2020-01-30 21:04:42,967 - test - 82 - MSE Of GES=12.070285912513166
2020-01-30 21:04:42,967 - test - 83 - STD of GES=14.890706061070885
2020-01-30 21:04:42,967 - test - 84 - MSE Of Bayes=3.549099303697293
2020-01-30 21:04:42,967 - test - 85 - STD of Bayes=5.6751079082345885
2020-01-30 23:23:10,437 - test - 79 - loop_num=100, n=15, p=5, c=3, rep_num=10, rep_kind=3
2020-01-30 23:23:10,438 - test - 80 - MSE Of LinearReg=14.292926390546063
2020-01-30 23:23:10,438 - test - 81 - STD of LinearReg=13.937548918136553
2020-01-30 23:23:10,439 - test - 82 - MSE Of GES=16.07956569838857
2020-01-30 23:23:10,439 - test - 83 - STD of GES=16.60452374835878
2020-01-30 23:23:10,439 - test - 84 - MSE Of Bayes=5.370747508397261
2020-01-30 23:23:10,439 - test - 85 - STD of Bayes=18.588036024155766
2020-01-31 01:41:45,689 - test - 79 - loop_num=100, n=20, p=5, c=3, rep_num=10, rep_kind=3
2020-01-31 01:41:45,689 - test - 80 - MSE Of LinearReg=12.820734482163985
2020-01-31 01:41:45,689 - test - 81 - STD of LinearReg=11.621716757447778
2020-01-31 01:41:45,689 - test - 82 - MSE Of GES=12.883002755719604
2020-01-31 01:41:45,689 - test - 83 - STD of GES=13.874360188437498
2020-01-31 01:41:45,690 - test - 84 - MSE Of Bayes=4.762731234238562
2020-01-31 01:41:45,690 - test - 85 - STD of Bayes=14.261068575039982
2020-01-31 04:00:56,080 - test - 79 - loop_num=100, n=25, p=5, c=3, rep_num=10, rep_kind=3
2020-01-31 04:00:56,082 - test - 80 - MSE Of LinearReg=12.775606762857834
2020-01-31 04:00:56,083 - test - 81 - STD of LinearReg=13.44739475784164
2020-01-31 04:00:56,083 - test - 82 - MSE Of GES=12.16231366370773
2020-01-31 04:00:56,083 - test - 83 - STD of GES=11.101137981096873
2020-01-31 04:00:56,083 - test - 84 - MSE Of Bayes=11.865904673723119
2020-01-31 04:00:56,083 - test - 85 - STD of Bayes=46.89312360677742
2020-01-31 06:21:43,888 - test - 79 - loop_num=100, n=30, p=5, c=3, rep_num=10, rep_kind=3
2020-01-31 06:21:43,889 - test - 80 - MSE Of LinearReg=10.412847107270927
2020-01-31 06:21:43,889 - test - 81 - STD of LinearReg=6.377171756644255
2020-01-31 06:21:43,889 - test - 82 - MSE Of GES=11.240177266897609
2020-01-31 06:21:43,889 - test - 83 - STD of GES=8.795470405625181
2020-01-31 06:21:43,889 - test - 84 - MSE Of Bayes=2.9755092431683647
2020-01-31 06:21:43,889 - test - 85 - STD of Bayes=8.699079268377497
2020-01-31 08:54:47,144 - test - 79 - loop_num=100, n=35, p=5, c=3, rep_num=10, rep_kind=3
2020-01-31 08:54:47,146 - test - 80 - MSE Of LinearReg=13.278405115045091
2020-01-31 08:54:47,147 - test - 81 - STD of LinearReg=15.47614212767789
2020-01-31 08:54:47,147 - test - 82 - MSE Of GES=13.464055906950664
2020-01-31 08:54:47,147 - test - 83 - STD of GES=15.26450478285728
2020-01-31 08:54:47,147 - test - 84 - MSE Of Bayes=5.608034952969353
2020-01-31 08:54:47,147 - test - 85 - STD of Bayes=16.317977278168854
2020-01-31 11:51:12,435 - test - 96 - loop_num=100, n=35, p=5, c=3, rep_num=10, rep_kind=3
2020-01-31 11:51:12,436 - test - 97 - MSE Of LinearReg=11.1251027778293
2020-01-31 11:51:12,437 - test - 98 - STD of LinearReg=9.955421841482123
2020-01-31 11:51:12,437 - test - 99 - MSE Of GES=11.632975322443592
2020-01-31 11:51:12,437 - test - 100 - STD of GES=11.030544800758808
2020-01-31 11:51:12,437 - test - 101 - MSE Of Bayes=2.7569433768889784
2020-01-31 11:51:12,437 - test - 102 - STD of Bayes=6.753009102668954
2020-01-31 14:44:41,645 - test - 96 - loop_num=100, n=40, p=5, c=3, rep_num=10, rep_kind=3
2020-01-31 14:44:41,648 - test - 97 - MSE Of LinearReg=10.159309526159339
2020-01-31 14:44:41,649 - test - 98 - STD of LinearReg=9.640205792361241
2020-01-31 14:44:41,649 - test - 99 - MSE Of GES=10.45827822014757
2020-01-31 14:44:41,653 - test - 100 - STD of GES=9.800432880289888
2020-01-31 14:44:41,653 - test - 101 - MSE Of Bayes=3.5908849914047187
2020-01-31 14:44:41,653 - test - 102 - STD of Bayes=8.363188755526448
2020-01-31 17:50:50,538 - test - 96 - loop_num=100, n=45, p=5, c=3, rep_num=10, rep_kind=3
2020-01-31 17:50:50,541 - test - 97 - MSE Of LinearReg=11.960570406478904
2020-01-31 17:50:50,541 - test - 98 - STD of LinearReg=9.498906905095515
2020-01-31 17:50:50,541 - test - 99 - MSE Of GES=12.067825944224166
2020-01-31 17:50:50,541 - test - 100 - STD of GES=9.707189618864717
2020-01-31 17:50:50,541 - test - 101 - MSE Of Bayes=5.390478331071448
2020-01-31 17:50:50,541 - test - 102 - STD of Bayes=17.822164390196814
2020-01-31 20:46:25,418 - test - 96 - loop_num=100, n=50, p=5, c=3, rep_num=10, rep_kind=3
2020-01-31 20:46:25,420 - test - 97 - MSE Of LinearReg=11.892803074581929
2020-01-31 20:46:25,420 - test - 98 - STD of LinearReg=9.436058766378038
2020-01-31 20:46:25,420 - test - 99 - MSE Of GES=12.398720389728442
2020-01-31 20:46:25,420 - test - 100 - STD of GES=10.05564497600564
2020-01-31 20:46:25,421 - test - 101 - MSE Of Bayes=2.9168586032912827
2020-01-31 20:46:25,421 - test - 102 - STD of Bayes=5.761053614624603
2020-01-31 21:41:40,057 - test - 96 - loop_num=3, n=5, p=5, c=3, rep_num=10, rep_kind=3
2020-01-31 21:41:40,059 - test - 97 - MSE Of LinearReg=24.374518488153303
2020-01-31 21:41:40,060 - test - 98 - STD of LinearReg=30.23901062794722
2020-01-31 21:41:40,060 - test - 99 - MSE Of GES=31.302959159110454
2020-01-31 21:41:40,060 - test - 100 - STD of GES=26.882643979195436
2020-01-31 21:41:40,060 - test - 101 - MSE Of Bayes=8.131087632583961
2020-01-31 21:41:40,060 - test - 102 - STD of Bayes=11.443351181862287
2020-02-01 01:36:26,866 - test - 96 - loop_num=100, n=5, p=5, c=3, rep_num=10, rep_kind=3
2020-02-01 01:36:26,867 - test - 97 - MSE Of LinearReg=25.099551661795484
2020-02-01 01:36:26,868 - test - 98 - STD of LinearReg=71.9828588841298
2020-02-01 01:36:26,868 - test - 99 - MSE Of GES=36.827825497741536
2020-02-01 01:36:26,868 - test - 100 - STD of GES=65.66873930763794
2020-02-01 01:36:26,868 - test - 101 - MSE Of Bayes=8.015728779983158
2020-02-01 01:36:26,868 - test - 102 - STD of Bayes=30.544230845016113
2020-02-01 03:55:48,693 - test - 96 - loop_num=100, n=10, p=5, c=3, rep_num=10, rep_kind=3
2020-02-01 03:55:48,693 - test - 97 - MSE Of LinearReg=14.752917468005919
2020-02-01 03:55:48,693 - test - 98 - STD of LinearReg=16.65332070000683
2020-02-01 03:55:48,693 - test - 99 - MSE Of GES=16.420394348934085
2020-02-01 03:55:48,693 - test - 100 - STD of GES=19.48497067492266
2020-02-01 03:55:48,693 - test - 101 - MSE Of Bayes=3.2955062095379106
2020-02-01 03:55:48,693 - test - 102 - STD of Bayes=8.658731725021017
2020-02-01 06:16:27,262 - test - 96 - loop_num=100, n=15, p=5, c=3, rep_num=10, rep_kind=3
2020-02-01 06:16:27,263 - test - 97 - MSE Of LinearReg=11.653571482108557
2020-02-01 06:16:27,263 - test - 98 - STD of LinearReg=12.331269048114162
2020-02-01 06:16:27,263 - test - 99 - MSE Of GES=12.259947222829378
2020-02-01 06:16:27,263 - test - 100 - STD of GES=13.398580086313647
2020-02-01 06:16:27,264 - test - 101 - MSE Of Bayes=6.32640969232887
2020-02-01 06:16:27,264 - test - 102 - STD of Bayes=14.567436273393692
2020-02-01 08:38:05,840 - test - 96 - loop_num=100, n=20, p=5, c=3, rep_num=10, rep_kind=3
2020-02-01 08:38:05,842 - test - 97 - MSE Of LinearReg=12.65094009359081
2020-02-01 08:38:05,842 - test - 98 - STD of LinearReg=17.677765720121293
2020-02-01 08:38:05,842 - test - 99 - MSE Of GES=11.991003470960328
2020-02-01 08:38:05,842 - test - 100 - STD of GES=14.24453351003589
2020-02-01 08:38:05,842 - test - 101 - MSE Of Bayes=5.537684043975226
2020-02-01 08:38:05,842 - test - 102 - STD of Bayes=11.437049868882134
2020-02-01 11:08:54,753 - test - 96 - loop_num=100, n=25, p=5, c=3, rep_num=10, rep_kind=3
2020-02-01 11:08:54,756 - test - 97 - MSE Of LinearReg=15.145831343127497
2020-02-01 11:08:54,756 - test - 98 - STD of LinearReg=16.3548877237894
2020-02-01 11:08:54,756 - test - 99 - MSE Of GES=13.768410301674889
2020-02-01 11:08:54,756 - test - 100 - STD of GES=12.542126871417516
2020-02-01 11:08:54,756 - test - 101 - MSE Of Bayes=7.048359659135614
2020-02-01 11:08:54,756 - test - 102 - STD of Bayes=31.467977274989455
2020-02-01 13:03:33,013 - test - 96 - loop_num=100, n=30, p=5, c=3, rep_num=10, rep_kind=3
2020-02-01 13:03:33,015 - test - 97 - MSE Of LinearReg=12.013035505570626
2020-02-01 13:03:33,015 - test - 98 - STD of LinearReg=12.004154872614667
2020-02-01 13:03:33,015 - test - 99 - MSE Of GES=11.566423795020011
2020-02-01 13:03:33,015 - test - 100 - STD of GES=13.056371824097592
2020-02-01 13:03:33,015 - test - 101 - MSE Of Bayes=3.170580513465806
2020-02-01 13:03:33,015 - test - 102 - STD of Bayes=10.68664149284278
2020-02-01 14:51:53,738 - test - 96 - loop_num=100, n=35, p=5, c=3, rep_num=10, rep_kind=3
2020-02-01 14:51:53,740 - test - 97 - MSE Of LinearReg=12.656453002597635
2020-02-01 14:51:53,741 - test - 98 - STD of LinearReg=13.020773945832223
2020-02-01 14:51:53,741 - test - 99 - MSE Of GES=12.279288902729943
2020-02-01 14:51:53,741 - test - 100 - STD of GES=13.226146283638553
2020-02-01 14:51:53,741 - test - 101 - MSE Of Bayes=3.8394526625484713
2020-02-01 14:51:53,741 - test - 102 - STD of Bayes=15.826137285760689
2020-02-01 16:51:17,496 - test - 96 - loop_num=100, n=40, p=5, c=3, rep_num=10, rep_kind=3
2020-02-01 16:51:17,497 - test - 97 - MSE Of LinearReg=10.866155903127906
2020-02-01 16:51:17,497 - test - 98 - STD of LinearReg=9.924133361615798
2020-02-01 16:51:17,498 - test - 99 - MSE Of GES=10.428352642573984
2020-02-01 16:51:17,498 - test - 100 - STD of GES=9.31838996291347
2020-02-01 16:51:17,498 - test - 101 - MSE Of Bayes=2.25399490224764
2020-02-01 16:51:17,498 - test - 102 - STD of Bayes=3.6582086743084643
2020-02-01 18:44:19,443 - test - 96 - loop_num=100, n=45, p=5, c=3, rep_num=10, rep_kind=3
2020-02-01 18:44:19,445 - test - 97 - MSE Of LinearReg=8.941956352797195
2020-02-01 18:44:19,445 - test - 98 - STD of LinearReg=8.136050190930414
2020-02-01 18:44:19,445 - test - 99 - MSE Of GES=10.169313083518215
2020-02-01 18:44:19,446 - test - 100 - STD of GES=9.743521635567598
2020-02-01 18:44:19,446 - test - 101 - MSE Of Bayes=10.95953885133059
2020-02-01 18:44:19,446 - test - 102 - STD of Bayes=50.14692641519645
2020-02-01 20:36:51,380 - test - 96 - loop_num=100, n=50, p=5, c=3, rep_num=10, rep_kind=3
2020-02-01 20:36:51,382 - test - 97 - MSE Of LinearReg=10.75764681863095
2020-02-01 20:36:51,382 - test - 98 - STD of LinearReg=9.662916275068758
2020-02-01 20:36:51,382 - test - 99 - MSE Of GES=10.485538259394508
2020-02-01 20:36:51,382 - test - 100 - STD of GES=9.918616551958118
2020-02-01 20:36:51,382 - test - 101 - MSE Of Bayes=2.429573976441736
2020-02-01 20:36:51,382 - test - 102 - STD of Bayes=6.911910959724541
2020-02-02 00:13:55,677 - test_rep_num - 239 - loop_num=100, n=10, p=5, c=3, rep_kind=3
2020-02-02 10:23:47,377 - test_rep_num - 239 - loop_num=100, n=10, p=5, c=3, rep_kind=3
